#!MC 1410
$!CREATECOLORMAP 
  NAME = 'Parula'
  NUMCONTROLPOINTS = 32
  CONTROLPOINT 1
    {
    COLORMAPFRACTION = 0
    LEADRGB
      {
      R = 53
      G = 42
      B = 135
      }
    TRAILRGB
      {
      R = 53
      G = 42
      B = 135
      }
    }
  CONTROLPOINT 2
    {
    COLORMAPFRACTION = 0.03226
    LEADRGB
      {
      R = 54
      G = 54
      B = 160
      }
    TRAILRGB
      {
      R = 54
      G = 54
      B = 160
      }
    }
  CONTROLPOINT 3
    {
    COLORMAPFRACTION = 0.06452
    LEADRGB
      {
      R = 50
      G = 67
      B = 186
      }
    TRAILRGB
      {
      R = 50
      G = 67
      B = 186
      }
    }
  CONTROLPOINT 4
    {
    COLORMAPFRACTION = 0.09677
    LEADRGB
      {
      R = 32
      G = 83
      B = 212
      }
    TRAILRGB
      {
      R = 32
      G = 83
      B = 212
      }
    }
  CONTROLPOINT 5
    {
    COLORMAPFRACTION = 0.129
    LEADRGB
      {
      R = 3
      G = 99
      B = 225
      }
    TRAILRGB
      {
      R = 3
      G = 99
      B = 225
      }
    }
  CONTROLPOINT 6
    {
    COLORMAPFRACTION = 0.1613
    LEADRGB
      {
      R = 4
      G = 109
      B = 224
      }
    TRAILRGB
      {
      R = 4
      G = 109
      B = 224
      }
    }
  CONTROLPOINT 7
    {
    COLORMAPFRACTION = 0.1935
    LEADRGB
      {
      R = 13
      G = 117
      B = 220
      }
    TRAILRGB
      {
      R = 13
      G = 117
      B = 220
      }
    }
  CONTROLPOINT 8
    {
    COLORMAPFRACTION = 0.2258
    LEADRGB
      {
      R = 18
      G = 125
      B = 216
      }
    TRAILRGB
      {
      R = 18
      G = 125
      B = 216
      }
    }
  CONTROLPOINT 9
    {
    COLORMAPFRACTION = 0.2581
    LEADRGB
      {
      R = 20
      G = 133
      B = 212
      }
    TRAILRGB
      {
      R = 20
      G = 133
      B = 212
      }
    }
  CONTROLPOINT 10
    {
    COLORMAPFRACTION = 0.2903
    LEADRGB
      {
      R = 16
      G = 142
      B = 210
      }
    TRAILRGB
      {
      R = 16
      G = 142
      B = 210
      }
    }
  CONTROLPOINT 11
    {
    COLORMAPFRACTION = 0.3226
    LEADRGB
      {
      R = 9
      G = 152
      B = 209
      }
    TRAILRGB
      {
      R = 9
      G = 152
      B = 209
      }
    }
  CONTROLPOINT 12
    {
    COLORMAPFRACTION = 0.3548
    LEADRGB
      {
      R = 6
      G = 160
      B = 205
      }
    TRAILRGB
      {
      R = 6
      G = 160
      B = 205
      }
    }
  CONTROLPOINT 13
    {
    COLORMAPFRACTION = 0.3871
    LEADRGB
      {
      R = 6
      G = 167
      B = 198
      }
    TRAILRGB
      {
      R = 6
      G = 167
      B = 198
      }
    }
  CONTROLPOINT 14
    {
    COLORMAPFRACTION = 0.4194
    LEADRGB
      {
      R = 10
      G = 172
      B = 190
      }
    TRAILRGB
      {
      R = 10
      G = 172
      B = 190
      }
    }
  CONTROLPOINT 15
    {
    COLORMAPFRACTION = 0.4516
    LEADRGB
      {
      R = 21
      G = 177
      B = 180
      }
    TRAILRGB
      {
      R = 21
      G = 177
      B = 180
      }
    }
  CONTROLPOINT 16
    {
    COLORMAPFRACTION = 0.4839
    LEADRGB
      {
      R = 37
      G = 181
      B = 169
      }
    TRAILRGB
      {
      R = 37
      G = 181
      B = 169
      }
    }
  CONTROLPOINT 17
    {
    COLORMAPFRACTION = 0.5161
    LEADRGB
      {
      R = 55
      G = 185
      B = 158
      }
    TRAILRGB
      {
      R = 55
      G = 185
      B = 158
      }
    }
  CONTROLPOINT 18
    {
    COLORMAPFRACTION = 0.5484
    LEADRGB
      {
      R = 77
      G = 188
      B = 146
      }
    TRAILRGB
      {
      R = 77
      G = 188
      B = 146
      }
    }
  CONTROLPOINT 19
    {
    COLORMAPFRACTION = 0.5806
    LEADRGB
      {
      R = 101
      G = 190
      B = 134
      }
    TRAILRGB
      {
      R = 101
      G = 190
      B = 134
      }
    }
  CONTROLPOINT 20
    {
    COLORMAPFRACTION = 0.6129
    LEADRGB
      {
      R = 124
      G = 191
      B = 123
      }
    TRAILRGB
      {
      R = 124
      G = 191
      B = 123
      }
    }
  CONTROLPOINT 21
    {
    COLORMAPFRACTION = 0.6452
    LEADRGB
      {
      R = 146
      G = 191
      B = 115
      }
    TRAILRGB
      {
      R = 146
      G = 191
      B = 115
      }
    }
  CONTROLPOINT 22
    {
    COLORMAPFRACTION = 0.6774
    LEADRGB
      {
      R = 165
      G = 190
      B = 107
      }
    TRAILRGB
      {
      R = 165
      G = 190
      B = 107
      }
    }
  CONTROLPOINT 23
    {
    COLORMAPFRACTION = 0.7097
    LEADRGB
      {
      R = 183
      G = 189
      B = 100
      }
    TRAILRGB
      {
      R = 183
      G = 189
      B = 100
      }
    }
  CONTROLPOINT 24
    {
    COLORMAPFRACTION = 0.7419
    LEADRGB
      {
      R = 200
      G = 188
      B = 93
      }
    TRAILRGB
      {
      R = 200
      G = 188
      B = 93
      }
    }
  CONTROLPOINT 25
    {
    COLORMAPFRACTION = 0.7742
    LEADRGB
      {
      R = 217
      G = 186
      B = 86
      }
    TRAILRGB
      {
      R = 217
      G = 186
      B = 86
      }
    }
  CONTROLPOINT 26
    {
    COLORMAPFRACTION = 0.8065
    LEADRGB
      {
      R = 233
      G = 185
      B = 78
      }
    TRAILRGB
      {
      R = 233
      G = 185
      B = 78
      }
    }
  CONTROLPOINT 27
    {
    COLORMAPFRACTION = 0.8387
    LEADRGB
      {
      R = 248
      G = 186
      B = 68
      }
    TRAILRGB
      {
      R = 248
      G = 186
      B = 68
      }
    }
  CONTROLPOINT 28
    {
    COLORMAPFRACTION = 0.871
    LEADRGB
      {
      R = 255
      G = 195
      B = 55
      }
    TRAILRGB
      {
      R = 255
      G = 195
      B = 55
      }
    }
  CONTROLPOINT 29
    {
    COLORMAPFRACTION = 0.9032
    LEADRGB
      {
      R = 252
      G = 206
      B = 46
      }
    TRAILRGB
      {
      R = 252
      G = 206
      B = 46
      }
    }
  CONTROLPOINT 30
    {
    COLORMAPFRACTION = 0.9355
    LEADRGB
      {
      R = 247
      G = 216
      B = 38
      }
    TRAILRGB
      {
      R = 247
      G = 216
      B = 38
      }
    }
  CONTROLPOINT 31
    {
    COLORMAPFRACTION = 0.9677
    LEADRGB
      {
      R = 244
      G = 228
      B = 29
      }
    TRAILRGB
      {
      R = 244
      G = 228
      B = 29
      }
    }
  CONTROLPOINT 32
    {
    COLORMAPFRACTION = 1
    LEADRGB
      {
      R = 246
      G = 243
      B = 19
      }
    TRAILRGB
      {
      R = 246
      G = 243
      B = 19
      }
    }
