#!MC 1410
$!CREATECOLORMAP 
  NAME = 'Viridis'
  NUMCONTROLPOINTS = 25
  CONTROLPOINT 1
    {
    COLORMAPFRACTION = 0
    LEADRGB
      {
      R = 68
      G = 1
      B = 84
      }
    TRAILRGB
      {
      R = 68
      G = 1
      B = 84
      }
    }
  CONTROLPOINT 2
    {
    COLORMAPFRACTION = 0.04167
    LEADRGB
      {
      R = 71
      G = 16
      B = 99
      }
    TRAILRGB
      {
      R = 71
      G = 16
      B = 99
      }
    }
  CONTROLPOINT 3
    {
    COLORMAPFRACTION = 0.08333
    LEADRGB
      {
      R = 72
      G = 31
      B = 112
      }
    TRAILRGB
      {
      R = 72
      G = 31
      B = 112
      }
    }
  CONTROLPOINT 4
    {
    COLORMAPFRACTION = 0.125
    LEADRGB
      {
      R = 71
      G = 45
      B = 123
      }
    TRAILRGB
      {
      R = 71
      G = 45
      B = 123
      }
    }
  CONTROLPOINT 5
    {
    COLORMAPFRACTION = 0.1667
    LEADRGB
      {
      R = 68
      G = 57
      B = 131
      }
    TRAILRGB
      {
      R = 68
      G = 57
      B = 131
      }
    }
  CONTROLPOINT 6
    {
    COLORMAPFRACTION = 0.2083
    LEADRGB
      {
      R = 64
      G = 70
      B = 136
      }
    TRAILRGB
      {
      R = 64
      G = 70
      B = 136
      }
    }
  CONTROLPOINT 7
    {
    COLORMAPFRACTION = 0.25
    LEADRGB
      {
      R = 59
      G = 82
      B = 139
      }
    TRAILRGB
      {
      R = 59
      G = 82
      B = 139
      }
    }
  CONTROLPOINT 8
    {
    COLORMAPFRACTION = 0.2917
    LEADRGB
      {
      R = 54
      G = 93
      B = 141
      }
    TRAILRGB
      {
      R = 54
      G = 93
      B = 141
      }
    }
  CONTROLPOINT 9
    {
    COLORMAPFRACTION = 0.3333
    LEADRGB
      {
      R = 49
      G = 104
      B = 142
      }
    TRAILRGB
      {
      R = 49
      G = 104
      B = 142
      }
    }
  CONTROLPOINT 10
    {
    COLORMAPFRACTION = 0.375
    LEADRGB
      {
      R = 44
      G = 114
      B = 142
      }
    TRAILRGB
      {
      R = 44
      G = 114
      B = 142
      }
    }
  CONTROLPOINT 11
    {
    COLORMAPFRACTION = 0.4167
    LEADRGB
      {
      R = 40
      G = 124
      B = 142
      }
    TRAILRGB
      {
      R = 40
      G = 124
      B = 142
      }
    }
  CONTROLPOINT 12
    {
    COLORMAPFRACTION = 0.4583
    LEADRGB
      {
      R = 36
      G = 134
      B = 142
      }
    TRAILRGB
      {
      R = 36
      G = 134
      B = 142
      }
    }
  CONTROLPOINT 13
    {
    COLORMAPFRACTION = 0.5
    LEADRGB
      {
      R = 33
      G = 145
      B = 140
      }
    TRAILRGB
      {
      R = 33
      G = 145
      B = 140
      }
    }
  CONTROLPOINT 14
    {
    COLORMAPFRACTION = 0.5417
    LEADRGB
      {
      R = 31
      G = 154
      B = 138
      }
    TRAILRGB
      {
      R = 31
      G = 154
      B = 138
      }
    }
  CONTROLPOINT 15
    {
    COLORMAPFRACTION = 0.5833
    LEADRGB
      {
      R = 32
      G = 164
      B = 134
      }
    TRAILRGB
      {
      R = 32
      G = 164
      B = 134
      }
    }
  CONTROLPOINT 16
    {
    COLORMAPFRACTION = 0.625
    LEADRGB
      {
      R = 40
      G = 174
      B = 128
      }
    TRAILRGB
      {
      R = 40
      G = 174
      B = 128
      }
    }
  CONTROLPOINT 17
    {
    COLORMAPFRACTION = 0.6667
    LEADRGB
      {
      R = 53
      G = 183
      B = 121
      }
    TRAILRGB
      {
      R = 53
      G = 183
      B = 121
      }
    }
  CONTROLPOINT 18
    {
    COLORMAPFRACTION = 0.7083
    LEADRGB
      {
      R = 72
      G = 193
      B = 110
      }
    TRAILRGB
      {
      R = 72
      G = 193
      B = 110
      }
    }
  CONTROLPOINT 19
    {
    COLORMAPFRACTION = 0.75
    LEADRGB
      {
      R = 94
      G = 201
      B = 98
      }
    TRAILRGB
      {
      R = 94
      G = 201
      B = 98
      }
    }
  CONTROLPOINT 20
    {
    COLORMAPFRACTION = 0.7917
    LEADRGB
      {
      R = 117
      G = 208
      B = 84
      }
    TRAILRGB
      {
      R = 117
      G = 208
      B = 84
      }
    }
  CONTROLPOINT 21
    {
    COLORMAPFRACTION = 0.8333
    LEADRGB
      {
      R = 144
      G = 215
      B = 67
      }
    TRAILRGB
      {
      R = 144
      G = 215
      B = 67
      }
    }
  CONTROLPOINT 22
    {
    COLORMAPFRACTION = 0.875
    LEADRGB
      {
      R = 173
      G = 220
      B = 48
      }
    TRAILRGB
      {
      R = 173
      G = 220
      B = 48
      }
    }
  CONTROLPOINT 23
    {
    COLORMAPFRACTION = 0.9167
    LEADRGB
      {
      R = 200
      G = 224
      B = 32
      }
    TRAILRGB
      {
      R = 200
      G = 224
      B = 32
      }
    }
  CONTROLPOINT 24
    {
    COLORMAPFRACTION = 0.9583
    LEADRGB
      {
      R = 229
      G = 228
      B = 25
      }
    TRAILRGB
      {
      R = 229
      G = 228
      B = 25
      }
    }
  CONTROLPOINT 25
    {
    COLORMAPFRACTION = 1
    LEADRGB
      {
      R = 253
      G = 231
      B = 37
      }
    TRAILRGB
      {
      R = 253
      G = 231
      B = 37
      }
    }
